--------------------------------------------------------------------------------
Release 14.7 Trace  (nt64)
Copyright (c) 1995-2013 Xilinx, Inc.  All rights reserved.

C:\Xilinx\14.7\ISE_DS\ISE\bin\nt64\unwrapped\trce.exe -intstyle ise -v 3 -s 3
-n 3 -fastpaths -xml FlipFlop8Counter.twx FlipFlop8Counter.ncd -o
FlipFlop8Counter.twr FlipFlop8Counter.pcf

Design file:              FlipFlop8Counter.ncd
Physical constraint file: FlipFlop8Counter.pcf
Device,package,speed:     xc7a100t,csg324,C,-3 (PRODUCTION 1.10 2013-10-13)
Report level:             verbose report

Environment Variable      Effect 
--------------------      ------ 
NONE                      No environment variables were set
--------------------------------------------------------------------------------

INFO:Timing:2698 - No timing constraints found, doing default enumeration.
INFO:Timing:3412 - To improve timing, see the Timing Closure User Guide (UG612).
INFO:Timing:2752 - To get complete path coverage, use the unconstrained paths 
   option. All paths that are not constrained will be reported in the 
   unconstrained paths section(s) of the report.
INFO:Timing:3339 - The clock-to-out numbers in this timing report are based on 
   a 50 Ohm transmission line loading model.  For the details of this model, 
   and for more information on accounting for different loading conditions, 
   please see the device datasheet.



Data Sheet report:
-----------------
All values displayed in nanoseconds (ns)

Setup/Hold to clock clk
------------+------------+------------+------------+------------+------------------+--------+
            |Max Setup to|  Process   |Max Hold to |  Process   |                  | Clock  |
Source      | clk (edge) |   Corner   | clk (edge) |   Corner   |Internal Clock(s) | Phase  |
------------+------------+------------+------------+------------+------------------+--------+
reset       |   -0.328(R)|      FAST  |    2.135(R)|      SLOW  |clk_BUFGP         |   0.000|
------------+------------+------------+------------+------------+------------------+--------+

Clock clk to Pad
------------+-----------------+------------+-----------------+------------+------------------+--------+
            |Max (slowest) clk|  Process   |Min (fastest) clk|  Process   |                  | Clock  |
Destination |  (edge) to PAD  |   Corner   |  (edge) to PAD  |   Corner   |Internal Clock(s) | Phase  |
------------+-----------------+------------+-----------------+------------+------------------+--------+
s<0>        |         7.674(R)|      SLOW  |         3.177(R)|      FAST  |clk_BUFGP         |   0.000|
s<1>        |         7.566(R)|      SLOW  |         3.123(R)|      FAST  |clk_BUFGP         |   0.000|
s<2>        |         7.549(R)|      SLOW  |         3.106(R)|      FAST  |clk_BUFGP         |   0.000|
s<3>        |         7.658(R)|      SLOW  |         3.159(R)|      FAST  |clk_BUFGP         |   0.000|
s<4>        |         7.439(R)|      SLOW  |         3.058(R)|      FAST  |clk_BUFGP         |   0.000|
s<5>        |         7.626(R)|      SLOW  |         3.153(R)|      FAST  |clk_BUFGP         |   0.000|
s<6>        |         7.620(R)|      SLOW  |         3.151(R)|      FAST  |clk_BUFGP         |   0.000|
s<7>        |         7.548(R)|      SLOW  |         3.114(R)|      FAST  |clk_BUFGP         |   0.000|
------------+-----------------+------------+-----------------+------------+------------------+--------+

Clock to Setup on destination clock clk
---------------+---------+---------+---------+---------+
               | Src:Rise| Src:Fall| Src:Rise| Src:Fall|
Source Clock   |Dest:Rise|Dest:Rise|Dest:Fall|Dest:Fall|
---------------+---------+---------+---------+---------+
clk            |    1.436|         |         |         |
---------------+---------+---------+---------+---------+


Analysis completed Tue May 09 21:25:34 2017 
--------------------------------------------------------------------------------

Trace Settings:
-------------------------
Trace Settings 

Peak Memory Usage: 612 MB



